<html>
<body>
<pre>
<h1>µVision Build Log</h1>
<h2>Tool Versions:</h2>
IDE-Version: µVision V5.24.2.0
Copyright (C) 2017 ARM Ltd and ARM Germany GmbH. All rights reserved.
License Information: Arta Riazrafat, McGill University, LIC=----
 
Tool Versions:
Toolchain:       MDK-Lite  Version: 5.24.1
Toolchain Path:  C:\Keil_v5\ARM\ARMCC\Bin
C Compiler:      Armcc.exe V5.06 update 5 (build 528)
Assembler:       Armasm.exe V5.06 update 5 (build 528)
Linker/Locator:  ArmLink.exe V5.06 update 5 (build 528)
Library Manager: ArmAr.exe V5.06 update 5 (build 528)
Hex Converter:   FromElf.exe V5.06 update 5 (build 528)
CPU DLL:         SARMCM3.DLL V5.24.1
Dialog DLL:      DCM.DLL V1.16.0.0
Target DLL:      STLink\ST-LINKIII-KEIL_SWO.dll V3.0.1.0
Dialog DLL:      TCM.DLL V1.32.0.0
 
<h2>Project:</h2>
C:\Users\Arta\Desktop\MicroProcessorProject\ECSE_426_FINAL_PROJECT\BLE_SampleProject\BLE_SampleProject.uvprojx
Project File Date:  12/06/2017

<h2>Output:</h2>
*** Using Compiler 'V5.06 update 5 (build 528)', folder: 'C:\Keil_v5\ARM\ARMCC\Bin'
Build target 'Application'
compiling stm32xx_it.c...
compiling sensor_service.c...
Src\sensor_service.c(136): warning:  #550-D: variable "val"  was set but never used
       uint8_t val;
Src\sensor_service.c(181): warning:  #550-D: variable "buff"  was set but never used
      uint8_t buff[6];
Src\sensor_service.c(199): warning:  #177-D: variable "uuid16"  was declared but never referenced
      uint16_t uuid16;
Src\sensor_service.c(200): warning:  #177-D: variable "charFormat"  was declared but never referenced
      charactFormat charFormat;
Src\sensor_service.c(201): warning:  #177-D: variable "descHandle"  was declared but never referenced
      uint16_t descHandle;
Src\sensor_service.c(526): warning:  #167-D: argument of type "int16_t" is incompatible with parameter of type "uint8_t *"
        Audio_Data_Notify(data);
Src\sensor_service.c: 6 warnings, 0 errors
linking...
Program Size: Code=15924 RO-data=648 RW-data=108 ZI-data=3100  
".\Objects\BLE_SampleProject.axf" - 0 Error(s), 6 Warning(s).

<h2>Software Packages used:</h2>

Package Vendor: Keil
                http://www.keil.com/pack/Keil.ARM_Compiler.1.2.0.pack
                Keil.ARM_Compiler.1.2.0
                Keil ARM Compiler extensions
   * Component: STDOUT Variant: ITM Version: 1.1.0

Package Vendor: Keil
                http://www.keil.com/pack/Keil.STM32F4xx_DFP.2.8.0.pack
                Keil.STM32F4xx_DFP.2.8.0
                STMicroelectronics STM32F4 Series Device Support, Drivers and Examples

<h2>Collection of Component include folders:</h2>
  .\RTE\_Application
  C:\Keil_v5\ARM\PACK\Keil\STM32F4xx_DFP\2.8.0\Drivers\CMSIS\Device\ST\STM32F4xx\Include

<h2>Collection of Component Files used:</h2>

   * Component: Keil.ARM Compiler::Compiler:I/O:STDOUT:ITM:1.1.0
      Source file:   Source\retarget_io.c
Build Time Elapsed:  00:00:03
</pre>
</body>
</html>
